
*** Running vivado
    with args -log top.vds -m64 -product Vivado -mode batch -messageDb vivado.pb -notrace -source top.tcl



****** Vivado v2025.1 (64-bit)
  **** SW Build 6140274 on Thu May 22 00:12:29 MDT 2025
  **** IP Build 6138677 on Thu May 22 03:10:11 MDT 2025
  **** SharedData Build 6139179 on Tue May 20 17:58:58 MDT 2025
  **** Start of session at: Thu Jan 29 22:23:54 2026
    ** Copyright 1986-2022 Xilinx, Inc. All Rights Reserved.
    ** Copyright 2022-2025 Advanced Micro Devices, Inc. All Rights Reserved.

source top.tcl -notrace
Command: read_checkpoint -auto_incremental -incremental C:/Users/Lenovo/Desktop/Letnik3/DN/Project/Project01/Project01.srcs/utils_1/imports/synth_1/top.dcp
INFO: [Vivado 12-5825] Read reference checkpoint from C:/Users/Lenovo/Desktop/Letnik3/DN/Project/Project01/Project01.srcs/utils_1/imports/synth_1/top.dcp for incremental synthesis
INFO: [Vivado 12-7989] Please ensure there are no constraint changes
Command: synth_design -top top -part xc7a50tcsg324-1
Starting synth_design
Attempting to get a license for feature 'Synthesis' and/or device 'xc7a50t'
INFO: [Common 17-349] Got license for feature 'Synthesis' and/or device 'xc7a50t'
INFO: [Device 21-403] Loading part xc7a50tcsg324-1
INFO: [Designutils 20-5440] No compile time benefit to using incremental synthesis; A full resynthesis will be run
INFO: [Designutils 20-4379] Flow is switching to default flow due to incremental criteria not met. If you would like to alter this behaviour and have the flow terminate instead, please set the following parameter config_implementation {autoIncr.Synth.RejectBehavior Terminate}
INFO: [Synth 8-7079] Multithreading enabled for synth_design using a maximum of 2 processes.
INFO: [Synth 8-7078] Launching helper process for spawning children vivado processes
INFO: [Synth 8-7075] Helper process launched with PID 10908
---------------------------------------------------------------------------------
Starting RTL Elaboration : Time (s): cpu = 00:00:05 ; elapsed = 00:00:05 . Memory (MB): peak = 1194.426 ; gain = 494.625
---------------------------------------------------------------------------------
INFO: [Synth 8-11241] undeclared symbol 'data_reg', assumed default net type 'wire' [C:/Users/Lenovo/Desktop/Letnik3/DN/Project/Project01/Project01.srcs/sources_1/new/APB_uart.sv:59]
INFO: [Synth 8-11241] undeclared symbol 'tx_done', assumed default net type 'wire' [C:/Users/Lenovo/Desktop/Letnik3/DN/Project/Project01/Project01.srcs/sources_1/new/APB_uart.sv:61]
WARNING: [Synth 8-8895] 'tx_done' is already implicitly declared on line 61 [C:/Users/Lenovo/Desktop/Letnik3/DN/Project/Project01/Project01.srcs/sources_1/new/APB_uart.sv:66]
INFO: [Synth 8-11241] undeclared symbol 'limit_reg', assumed default net type 'wire' [C:/Users/Lenovo/Desktop/Letnik3/DN/Project/Project01/Project01.srcs/sources_1/new/APB_uart.sv:75]
WARNING: [Synth 8-8895] 'limit_reg' is already implicitly declared on line 75 [C:/Users/Lenovo/Desktop/Letnik3/DN/Project/Project01/Project01.srcs/sources_1/new/APB_uart.sv:107]
WARNING: [Synth 8-8895] 'data_reg' is already implicitly declared on line 59 [C:/Users/Lenovo/Desktop/Letnik3/DN/Project/Project01/Project01.srcs/sources_1/new/APB_uart.sv:119]
WARNING: [Synth 8-6901] identifier 'tx_start_reg' is used before its declaration [C:/Users/Lenovo/Desktop/Letnik3/DN/Project/Project01/Project01.srcs/sources_1/new/APB_uart.sv:69]
INFO: [Synth 8-6157] synthesizing module 'top' [C:/Users/Lenovo/Desktop/Letnik3/DN/Project/Project01/Project01.srcs/sources_1/new/top.sv:22]
INFO: [Synth 8-6157] synthesizing module 'microblaze_mcs_0' [C:/Users/Lenovo/Desktop/Letnik3/DN/Project/Project01/Project01.runs/synth_1/.Xil/Vivado-15732-DESKTOP-UL4A9AD/realtime/microblaze_mcs_0_stub.v:6]
INFO: [Synth 8-6155] done synthesizing module 'microblaze_mcs_0' (0#1) [C:/Users/Lenovo/Desktop/Letnik3/DN/Project/Project01/Project01.runs/synth_1/.Xil/Vivado-15732-DESKTOP-UL4A9AD/realtime/microblaze_mcs_0_stub.v:6]
INFO: [Synth 8-6157] synthesizing module 'APB_Bridge' [C:/Users/Lenovo/Desktop/Letnik3/DN/Project/Project01/Project01.srcs/sources_1/new/APB_bridge.sv:23]
	Parameter DW bound to: 32 - type: integer 
	Parameter AW bound to: 32 - type: integer 
	Parameter BRG_BASE bound to: -1073741824 - type: integer 
INFO: [Synth 8-6157] synthesizing module 'APB_master' [C:/Users/Lenovo/Desktop/Letnik3/DN/Project/Project01/Project01.srcs/sources_1/new/APB_master.sv:22]
	Parameter DW bound to: 32 - type: integer 
	Parameter AW bound to: 32 - type: integer 
INFO: [Synth 8-6155] done synthesizing module 'APB_master' (0#1) [C:/Users/Lenovo/Desktop/Letnik3/DN/Project/Project01/Project01.srcs/sources_1/new/APB_master.sv:22]
INFO: [Synth 8-6155] done synthesizing module 'APB_Bridge' (0#1) [C:/Users/Lenovo/Desktop/Letnik3/DN/Project/Project01/Project01.srcs/sources_1/new/APB_bridge.sv:23]
INFO: [Synth 8-6157] synthesizing module 'APB_interconnect' [C:/Users/Lenovo/Desktop/Letnik3/DN/Project/Project01/Project01.srcs/sources_1/new/APB_interconnect.sv:24]
	Parameter DW bound to: 32 - type: integer 
	Parameter AW bound to: 32 - type: integer 
	Parameter NUM_PERIPHERALS bound to: 64 - type: integer 
	Parameter NUM_REG_PERIPHERAL bound to: 32 - type: integer 
INFO: [Synth 8-6155] done synthesizing module 'APB_interconnect' (0#1) [C:/Users/Lenovo/Desktop/Letnik3/DN/Project/Project01/Project01.srcs/sources_1/new/APB_interconnect.sv:24]
INFO: [Synth 8-6157] synthesizing module 'APB_gpio' [C:/Users/Lenovo/Desktop/Letnik3/DN/Project/Project01/Project01.srcs/sources_1/new/APB_gpio.sv:25]
	Parameter DW bound to: 32 - type: integer 
	Parameter AW bound to: 32 - type: integer 
INFO: [Synth 8-6155] done synthesizing module 'APB_gpio' (0#1) [C:/Users/Lenovo/Desktop/Letnik3/DN/Project/Project01/Project01.srcs/sources_1/new/APB_gpio.sv:25]
INFO: [Synth 8-6157] synthesizing module 'APB_timer' [C:/Users/Lenovo/Desktop/Letnik3/DN/Project/Project01/Project01.srcs/sources_1/new/APB_timer.sv:27]
	Parameter DW bound to: 32 - type: integer 
	Parameter AW bound to: 32 - type: integer 
INFO: [Synth 8-6155] done synthesizing module 'APB_timer' (0#1) [C:/Users/Lenovo/Desktop/Letnik3/DN/Project/Project01/Project01.srcs/sources_1/new/APB_timer.sv:27]
INFO: [Synth 8-6157] synthesizing module 'APB_uart' [C:/Users/Lenovo/Desktop/Letnik3/DN/Project/Project01/Project01.srcs/sources_1/new/APB_uart.sv:26]
	Parameter DW bound to: 32 - type: integer 
	Parameter AW bound to: 32 - type: integer 
INFO: [Synth 8-6157] synthesizing module 'interface_circuit' [C:/Users/Lenovo/Desktop/Letnik3/DN/Project/Project01/Project01.srcs/sources_1/new/APB_uart.sv:337]
INFO: [Synth 8-6155] done synthesizing module 'interface_circuit' (0#1) [C:/Users/Lenovo/Desktop/Letnik3/DN/Project/Project01/Project01.srcs/sources_1/new/APB_uart.sv:337]
INFO: [Synth 8-6157] synthesizing module 'transmitter_system' [C:/Users/Lenovo/Desktop/Letnik3/DN/Project/Project01/Project01.srcs/sources_1/new/APB_uart.sv:294]
INFO: [Synth 8-6157] synthesizing module 'baud_rate_generator' [C:/Users/Lenovo/Desktop/Letnik3/DN/Project/Project01/Project01.srcs/sources_1/new/APB_uart.sv:165]
	Parameter PRESCALER_WIDTH bound to: 16 - type: integer 
INFO: [Synth 8-6155] done synthesizing module 'baud_rate_generator' (0#1) [C:/Users/Lenovo/Desktop/Letnik3/DN/Project/Project01/Project01.srcs/sources_1/new/APB_uart.sv:165]
INFO: [Synth 8-6157] synthesizing module 'uart_fsm' [C:/Users/Lenovo/Desktop/Letnik3/DN/Project/Project01/Project01.srcs/sources_1/new/APB_uart.sv:193]
	Parameter DATA_WIDTH bound to: 8 - type: integer 
INFO: [Synth 8-6155] done synthesizing module 'uart_fsm' (0#1) [C:/Users/Lenovo/Desktop/Letnik3/DN/Project/Project01/Project01.srcs/sources_1/new/APB_uart.sv:193]
INFO: [Synth 8-6155] done synthesizing module 'transmitter_system' (0#1) [C:/Users/Lenovo/Desktop/Letnik3/DN/Project/Project01/Project01.srcs/sources_1/new/APB_uart.sv:294]
INFO: [Synth 8-6155] done synthesizing module 'APB_uart' (0#1) [C:/Users/Lenovo/Desktop/Letnik3/DN/Project/Project01/Project01.srcs/sources_1/new/APB_uart.sv:26]
INFO: [Synth 8-6157] synthesizing module 'APB_i2c' [C:/Users/Lenovo/Desktop/Letnik3/DN/Project/Project01/Project01.srcs/sources_1/new/APB_i2c.sv:5]
	Parameter DW bound to: 32 - type: integer 
	Parameter AW bound to: 32 - type: integer 
INFO: [Synth 8-6157] synthesizing module 'i2c_master' [C:/Users/Lenovo/Desktop/Letnik3/DN/Project/Project01/Project01.srcs/sources_1/new/APB_i2c.sv:67]
INFO: [Synth 8-155] case statement is not full and has no default [C:/Users/Lenovo/Desktop/Letnik3/DN/Project/Project01/Project01.srcs/sources_1/new/APB_i2c.sv:126]
INFO: [Synth 8-6155] done synthesizing module 'i2c_master' (0#1) [C:/Users/Lenovo/Desktop/Letnik3/DN/Project/Project01/Project01.srcs/sources_1/new/APB_i2c.sv:67]
INFO: [Synth 8-6155] done synthesizing module 'APB_i2c' (0#1) [C:/Users/Lenovo/Desktop/Letnik3/DN/Project/Project01/Project01.srcs/sources_1/new/APB_i2c.sv:5]
INFO: [Synth 8-6155] done synthesizing module 'top' (0#1) [C:/Users/Lenovo/Desktop/Letnik3/DN/Project/Project01/Project01.srcs/sources_1/new/top.sv:22]
WARNING: [Synth 8-6014] Unused sequential element lsb_dummy_reg was removed.  [C:/Users/Lenovo/Desktop/Letnik3/DN/Project/Project01/Project01.srcs/sources_1/new/APB_i2c.sv:210]
WARNING: [Synth 8-7137] Register shift_reg in module i2c_master has both Set and reset with same priority. This may cause simulation mismatches. Consider rewriting code  [C:/Users/Lenovo/Desktop/Letnik3/DN/Project/Project01/Project01.srcs/sources_1/new/APB_i2c.sv:142]
WARNING: [Synth 8-7129] Port PADDR[31] in module APB_i2c is either unconnected or has no load
WARNING: [Synth 8-7129] Port PADDR[30] in module APB_i2c is either unconnected or has no load
WARNING: [Synth 8-7129] Port PADDR[29] in module APB_i2c is either unconnected or has no load
WARNING: [Synth 8-7129] Port PADDR[28] in module APB_i2c is either unconnected or has no load
WARNING: [Synth 8-7129] Port PADDR[27] in module APB_i2c is either unconnected or has no load
WARNING: [Synth 8-7129] Port PADDR[26] in module APB_i2c is either unconnected or has no load
WARNING: [Synth 8-7129] Port PADDR[25] in module APB_i2c is either unconnected or has no load
WARNING: [Synth 8-7129] Port PADDR[24] in module APB_i2c is either unconnected or has no load
WARNING: [Synth 8-7129] Port PADDR[23] in module APB_i2c is either unconnected or has no load
WARNING: [Synth 8-7129] Port PADDR[22] in module APB_i2c is either unconnected or has no load
WARNING: [Synth 8-7129] Port PADDR[21] in module APB_i2c is either unconnected or has no load
WARNING: [Synth 8-7129] Port PADDR[20] in module APB_i2c is either unconnected or has no load
WARNING: [Synth 8-7129] Port PADDR[19] in module APB_i2c is either unconnected or has no load
WARNING: [Synth 8-7129] Port PADDR[18] in module APB_i2c is either unconnected or has no load
WARNING: [Synth 8-7129] Port PADDR[17] in module APB_i2c is either unconnected or has no load
WARNING: [Synth 8-7129] Port PADDR[16] in module APB_i2c is either unconnected or has no load
WARNING: [Synth 8-7129] Port PADDR[15] in module APB_i2c is either unconnected or has no load
WARNING: [Synth 8-7129] Port PADDR[14] in module APB_i2c is either unconnected or has no load
WARNING: [Synth 8-7129] Port PADDR[13] in module APB_i2c is either unconnected or has no load
WARNING: [Synth 8-7129] Port PADDR[12] in module APB_i2c is either unconnected or has no load
WARNING: [Synth 8-7129] Port PADDR[11] in module APB_i2c is either unconnected or has no load
WARNING: [Synth 8-7129] Port PADDR[10] in module APB_i2c is either unconnected or has no load
WARNING: [Synth 8-7129] Port PADDR[9] in module APB_i2c is either unconnected or has no load
WARNING: [Synth 8-7129] Port PADDR[8] in module APB_i2c is either unconnected or has no load
WARNING: [Synth 8-7129] Port PADDR[7] in module APB_i2c is either unconnected or has no load
WARNING: [Synth 8-7129] Port PWDATA[31] in module APB_i2c is either unconnected or has no load
WARNING: [Synth 8-7129] Port PWDATA[30] in module APB_i2c is either unconnected or has no load
WARNING: [Synth 8-7129] Port PWDATA[29] in module APB_i2c is either unconnected or has no load
WARNING: [Synth 8-7129] Port PWDATA[28] in module APB_i2c is either unconnected or has no load
WARNING: [Synth 8-7129] Port PWDATA[27] in module APB_i2c is either unconnected or has no load
WARNING: [Synth 8-7129] Port PWDATA[26] in module APB_i2c is either unconnected or has no load
WARNING: [Synth 8-7129] Port PWDATA[25] in module APB_i2c is either unconnected or has no load
WARNING: [Synth 8-7129] Port PWDATA[24] in module APB_i2c is either unconnected or has no load
WARNING: [Synth 8-7129] Port PWDATA[23] in module APB_i2c is either unconnected or has no load
WARNING: [Synth 8-7129] Port PWDATA[22] in module APB_i2c is either unconnected or has no load
WARNING: [Synth 8-7129] Port PWDATA[21] in module APB_i2c is either unconnected or has no load
WARNING: [Synth 8-7129] Port PWDATA[20] in module APB_i2c is either unconnected or has no load
WARNING: [Synth 8-7129] Port PWDATA[19] in module APB_i2c is either unconnected or has no load
WARNING: [Synth 8-7129] Port PWDATA[18] in module APB_i2c is either unconnected or has no load
WARNING: [Synth 8-7129] Port PWDATA[17] in module APB_i2c is either unconnected or has no load
WARNING: [Synth 8-7129] Port PWDATA[16] in module APB_i2c is either unconnected or has no load
WARNING: [Synth 8-7129] Port PWDATA[15] in module APB_i2c is either unconnected or has no load
WARNING: [Synth 8-7129] Port PWDATA[14] in module APB_i2c is either unconnected or has no load
WARNING: [Synth 8-7129] Port PWDATA[13] in module APB_i2c is either unconnected or has no load
WARNING: [Synth 8-7129] Port PWDATA[12] in module APB_i2c is either unconnected or has no load
WARNING: [Synth 8-7129] Port PWDATA[11] in module APB_i2c is either unconnected or has no load
WARNING: [Synth 8-7129] Port PWDATA[10] in module APB_i2c is either unconnected or has no load
WARNING: [Synth 8-7129] Port PWDATA[9] in module APB_i2c is either unconnected or has no load
WARNING: [Synth 8-7129] Port PWDATA[8] in module APB_i2c is either unconnected or has no load
WARNING: [Synth 8-7129] Port PWDATA[7] in module APB_i2c is either unconnected or has no load
WARNING: [Synth 8-7129] Port PWDATA[6] in module APB_i2c is either unconnected or has no load
WARNING: [Synth 8-7129] Port PWDATA[5] in module APB_i2c is either unconnected or has no load
WARNING: [Synth 8-7129] Port PWDATA[4] in module APB_i2c is either unconnected or has no load
WARNING: [Synth 8-7129] Port PWDATA[3] in module APB_i2c is either unconnected or has no load
WARNING: [Synth 8-7129] Port PWDATA[2] in module APB_i2c is either unconnected or has no load
WARNING: [Synth 8-7129] Port PWDATA[1] in module APB_i2c is either unconnected or has no load
WARNING: [Synth 8-7129] Port pADDR[31] in module APB_uart is either unconnected or has no load
WARNING: [Synth 8-7129] Port pADDR[30] in module APB_uart is either unconnected or has no load
WARNING: [Synth 8-7129] Port pADDR[29] in module APB_uart is either unconnected or has no load
WARNING: [Synth 8-7129] Port pADDR[28] in module APB_uart is either unconnected or has no load
WARNING: [Synth 8-7129] Port pADDR[27] in module APB_uart is either unconnected or has no load
WARNING: [Synth 8-7129] Port pADDR[26] in module APB_uart is either unconnected or has no load
WARNING: [Synth 8-7129] Port pADDR[25] in module APB_uart is either unconnected or has no load
WARNING: [Synth 8-7129] Port pADDR[24] in module APB_uart is either unconnected or has no load
WARNING: [Synth 8-7129] Port pADDR[23] in module APB_uart is either unconnected or has no load
WARNING: [Synth 8-7129] Port pADDR[22] in module APB_uart is either unconnected or has no load
WARNING: [Synth 8-7129] Port pADDR[21] in module APB_uart is either unconnected or has no load
WARNING: [Synth 8-7129] Port pADDR[20] in module APB_uart is either unconnected or has no load
WARNING: [Synth 8-7129] Port pADDR[19] in module APB_uart is either unconnected or has no load
WARNING: [Synth 8-7129] Port pADDR[18] in module APB_uart is either unconnected or has no load
WARNING: [Synth 8-7129] Port pADDR[17] in module APB_uart is either unconnected or has no load
WARNING: [Synth 8-7129] Port pADDR[16] in module APB_uart is either unconnected or has no load
WARNING: [Synth 8-7129] Port pADDR[15] in module APB_uart is either unconnected or has no load
WARNING: [Synth 8-7129] Port pADDR[14] in module APB_uart is either unconnected or has no load
WARNING: [Synth 8-7129] Port pADDR[13] in module APB_uart is either unconnected or has no load
WARNING: [Synth 8-7129] Port pADDR[12] in module APB_uart is either unconnected or has no load
WARNING: [Synth 8-7129] Port pADDR[11] in module APB_uart is either unconnected or has no load
WARNING: [Synth 8-7129] Port pADDR[10] in module APB_uart is either unconnected or has no load
WARNING: [Synth 8-7129] Port pADDR[9] in module APB_uart is either unconnected or has no load
WARNING: [Synth 8-7129] Port pADDR[8] in module APB_uart is either unconnected or has no load
WARNING: [Synth 8-7129] Port pADDR[7] in module APB_uart is either unconnected or has no load
WARNING: [Synth 8-7129] Port pWDATA[31] in module APB_uart is either unconnected or has no load
WARNING: [Synth 8-7129] Port pWDATA[30] in module APB_uart is either unconnected or has no load
WARNING: [Synth 8-7129] Port pWDATA[29] in module APB_uart is either unconnected or has no load
WARNING: [Synth 8-7129] Port pWDATA[28] in module APB_uart is either unconnected or has no load
WARNING: [Synth 8-7129] Port pWDATA[27] in module APB_uart is either unconnected or has no load
WARNING: [Synth 8-7129] Port pWDATA[26] in module APB_uart is either unconnected or has no load
WARNING: [Synth 8-7129] Port pWDATA[25] in module APB_uart is either unconnected or has no load
WARNING: [Synth 8-7129] Port pWDATA[24] in module APB_uart is either unconnected or has no load
WARNING: [Synth 8-7129] Port pWDATA[23] in module APB_uart is either unconnected or has no load
WARNING: [Synth 8-7129] Port pWDATA[22] in module APB_uart is either unconnected or has no load
WARNING: [Synth 8-7129] Port pWDATA[21] in module APB_uart is either unconnected or has no load
WARNING: [Synth 8-7129] Port pWDATA[20] in module APB_uart is either unconnected or has no load
WARNING: [Synth 8-7129] Port pWDATA[19] in module APB_uart is either unconnected or has no load
WARNING: [Synth 8-7129] Port pWDATA[18] in module APB_uart is either unconnected or has no load
WARNING: [Synth 8-7129] Port pWDATA[17] in module APB_uart is either unconnected or has no load
WARNING: [Synth 8-7129] Port pWDATA[16] in module APB_uart is either unconnected or has no load
WARNING: [Synth 8-7129] Port pADDR[31] in module APB_timer is either unconnected or has no load
WARNING: [Synth 8-7129] Port pADDR[30] in module APB_timer is either unconnected or has no load
WARNING: [Synth 8-7129] Port pADDR[29] in module APB_timer is either unconnected or has no load
INFO: [Common 17-14] Message 'Synth 8-7129' appears 100 times and further instances of the messages will be disabled. Use the Tcl command set_msg_config to change the current settings.
---------------------------------------------------------------------------------
Finished RTL Elaboration : Time (s): cpu = 00:00:06 ; elapsed = 00:00:06 . Memory (MB): peak = 1310.180 ; gain = 610.379
---------------------------------------------------------------------------------
---------------------------------------------------------------------------------
Start Handling Custom Attributes
---------------------------------------------------------------------------------
---------------------------------------------------------------------------------
Finished Handling Custom Attributes : Time (s): cpu = 00:00:06 ; elapsed = 00:00:06 . Memory (MB): peak = 1310.180 ; gain = 610.379
---------------------------------------------------------------------------------
---------------------------------------------------------------------------------
Finished RTL Optimization Phase 1 : Time (s): cpu = 00:00:06 ; elapsed = 00:00:06 . Memory (MB): peak = 1310.180 ; gain = 610.379
---------------------------------------------------------------------------------
Netlist sorting complete. Time (s): cpu = 00:00:00 ; elapsed = 00:00:00.022 . Memory (MB): peak = 1310.180 ; gain = 0.000
INFO: [Project 1-570] Preparing netlist for logic optimization

Processing XDC Constraints
Initializing timing engine
Parsing XDC File [c:/Users/Lenovo/Desktop/Letnik3/DN/Project/Project01/Project01.gen/sources_1/ip/microblaze_mcs_0_2/microblaze_mcs_0/microblaze_mcs_0_in_context.xdc] for cell 'your_instance_name'
Finished Parsing XDC File [c:/Users/Lenovo/Desktop/Letnik3/DN/Project/Project01/Project01.gen/sources_1/ip/microblaze_mcs_0_2/microblaze_mcs_0/microblaze_mcs_0_in_context.xdc] for cell 'your_instance_name'
Parsing XDC File [C:/Users/Lenovo/Desktop/Nexys-A7-50T-Master.xdc]
Finished Parsing XDC File [C:/Users/Lenovo/Desktop/Nexys-A7-50T-Master.xdc]
INFO: [Project 1-236] Implementation specific constraints were found while reading constraint file [C:/Users/Lenovo/Desktop/Nexys-A7-50T-Master.xdc]. These constraints will be ignored for synthesis but will be used in implementation. Impacted constraints are listed in the file [.Xil/top_propImpl.xdc].
Resolution: To avoid this warning, move constraints listed in [.Xil/top_propImpl.xdc] to another XDC file and exclude this new file from synthesis with the used_in_synthesis property (File Properties dialog in GUI) and re-run elaboration/synthesis.
Completed Processing XDC Constraints

Netlist sorting complete. Time (s): cpu = 00:00:00 ; elapsed = 00:00:00 . Memory (MB): peak = 1368.871 ; gain = 0.000
INFO: [Project 1-111] Unisim Transformation Summary:
No Unisim elements were transformed.

Constraint Validation Runtime : Time (s): cpu = 00:00:00 ; elapsed = 00:00:00.004 . Memory (MB): peak = 1368.871 ; gain = 0.000
INFO: [Designutils 20-5440] No compile time benefit to using incremental synthesis; A full resynthesis will be run
INFO: [Designutils 20-4379] Flow is switching to default flow due to incremental criteria not met. If you would like to alter this behaviour and have the flow terminate instead, please set the following parameter config_implementation {autoIncr.Synth.RejectBehavior Terminate}
---------------------------------------------------------------------------------
Finished Constraint Validation : Time (s): cpu = 00:00:13 ; elapsed = 00:00:14 . Memory (MB): peak = 1368.871 ; gain = 669.070
---------------------------------------------------------------------------------
---------------------------------------------------------------------------------
Start Loading Part and Timing Information
---------------------------------------------------------------------------------
Loading part: xc7a50tcsg324-1
---------------------------------------------------------------------------------
Finished Loading Part and Timing Information : Time (s): cpu = 00:00:13 ; elapsed = 00:00:14 . Memory (MB): peak = 1368.871 ; gain = 669.070
---------------------------------------------------------------------------------
---------------------------------------------------------------------------------
Start Applying 'set_property' XDC Constraints
---------------------------------------------------------------------------------
---------------------------------------------------------------------------------
Finished applying 'set_property' XDC Constraints : Time (s): cpu = 00:00:13 ; elapsed = 00:00:14 . Memory (MB): peak = 1368.871 ; gain = 669.070
---------------------------------------------------------------------------------
INFO: [Synth 8-802] inferred FSM for state register 'state_reg' in module 'APB_master'
INFO: [Synth 8-802] inferred FSM for state register 'state_reg' in module 'uart_fsm'
INFO: [Synth 8-802] inferred FSM for state register 'state_reg' in module 'i2c_master'
---------------------------------------------------------------------------------------------------
                   State |                     New Encoding |                Previous Encoding 
---------------------------------------------------------------------------------------------------
                    IDLE |                              001 |                               00
                   SETUP |                              010 |                               01
                  ACCESS |                              100 |                               10
---------------------------------------------------------------------------------------------------
INFO: [Synth 8-3354] encoded FSM with state register 'state_reg' using encoding 'one-hot' in module 'APB_master'
---------------------------------------------------------------------------------------------------
                   State |                     New Encoding |                Previous Encoding 
---------------------------------------------------------------------------------------------------
                    IDLE |                               00 |                               00
                   START |                               01 |                               01
                    DATA |                               10 |                               10
                    STOP |                               11 |                               11
---------------------------------------------------------------------------------------------------
INFO: [Synth 8-3354] encoded FSM with state register 'state_reg' using encoding 'sequential' in module 'uart_fsm'
---------------------------------------------------------------------------------------------------
                   State |                     New Encoding |                Previous Encoding 
---------------------------------------------------------------------------------------------------
                    IDLE |                             0000 |                            00000
                   START |                             0001 |                            00001
            SEND_ADDR_WR |                             0010 |                            00010
                SEND_REG |                             0011 |                            00011
               REP_START |                             0100 |                            00100
            SEND_ADDR_RD |                             0101 |                            00101
                ADDR_ACK |                             0110 |                            00110
                  RX_MSB |                             0111 |                            00111
                 ACK_MSB |                             1000 |                            01000
                  RX_LSB |                             1001 |                            01001
                NACK_LSB |                             1010 |                            01010
                    STOP |                             1011 |                            01011
---------------------------------------------------------------------------------------------------
INFO: [Synth 8-3354] encoded FSM with state register 'state_reg' using encoding 'sequential' in module 'i2c_master'
---------------------------------------------------------------------------------
Finished RTL Optimization Phase 2 : Time (s): cpu = 00:00:14 ; elapsed = 00:00:14 . Memory (MB): peak = 1368.871 ; gain = 669.070
---------------------------------------------------------------------------------
---------------------------------------------------------------------------------
Start RTL Component Statistics 
---------------------------------------------------------------------------------
Detailed RTL Component Info : 
+---Adders : 
	   2 Input   32 Bit       Adders := 1     
	   2 Input    4 Bit       Adders := 1     
	   2 Input    3 Bit       Adders := 1     
+---Registers : 
	               32 Bit    Registers := 1     
	               16 Bit    Registers := 2     
	                8 Bit    Registers := 5     
	                4 Bit    Registers := 1     
	                3 Bit    Registers := 1     
	                1 Bit    Registers := 12    
+---Muxes : 
	   2 Input   64 Bit        Muxes := 1     
	   2 Input   32 Bit        Muxes := 6     
	   3 Input   32 Bit        Muxes := 2     
	   2 Input   16 Bit        Muxes := 1     
	   4 Input    8 Bit        Muxes := 1     
	  12 Input    8 Bit        Muxes := 2     
	   4 Input    4 Bit        Muxes := 1     
	  12 Input    4 Bit        Muxes := 1     
	   3 Input    3 Bit        Muxes := 1     
	   2 Input    3 Bit        Muxes := 2     
	  12 Input    3 Bit        Muxes := 1     
	   4 Input    2 Bit        Muxes := 1     
	   2 Input    2 Bit        Muxes := 1     
	   2 Input    1 Bit        Muxes := 9     
	   3 Input    1 Bit        Muxes := 1     
	   4 Input    1 Bit        Muxes := 6     
	  12 Input    1 Bit        Muxes := 9     
---------------------------------------------------------------------------------
Finished RTL Component Statistics 
---------------------------------------------------------------------------------
---------------------------------------------------------------------------------
Start Part Resource Summary
---------------------------------------------------------------------------------
Part Resources:
DSPs: 120 (col length:60)
BRAMs: 150 (col length: RAMB18 60 RAMB36 30)
---------------------------------------------------------------------------------
Finished Part Resource Summary
---------------------------------------------------------------------------------
---------------------------------------------------------------------------------
Start Cross Boundary and Area Optimization
---------------------------------------------------------------------------------
WARNING: [Synth 8-7080] Parallel synthesis criteria is not met
---------------------------------------------------------------------------------
Finished Cross Boundary and Area Optimization : Time (s): cpu = 00:00:16 ; elapsed = 00:00:17 . Memory (MB): peak = 1370.820 ; gain = 671.020
---------------------------------------------------------------------------------
---------------------------------------------------------------------------------
Start Applying XDC Timing Constraints
---------------------------------------------------------------------------------
---------------------------------------------------------------------------------
Finished Applying XDC Timing Constraints : Time (s): cpu = 00:00:21 ; elapsed = 00:00:21 . Memory (MB): peak = 1508.176 ; gain = 808.375
---------------------------------------------------------------------------------
---------------------------------------------------------------------------------
Start Timing Optimization
---------------------------------------------------------------------------------
---------------------------------------------------------------------------------
Finished Timing Optimization : Time (s): cpu = 00:00:22 ; elapsed = 00:00:22 . Memory (MB): peak = 1539.816 ; gain = 840.016
---------------------------------------------------------------------------------
---------------------------------------------------------------------------------
Start Technology Mapping
---------------------------------------------------------------------------------
---------------------------------------------------------------------------------
Finished Technology Mapping : Time (s): cpu = 00:00:22 ; elapsed = 00:00:22 . Memory (MB): peak = 1543.914 ; gain = 844.113
---------------------------------------------------------------------------------
---------------------------------------------------------------------------------
Start IO Insertion
---------------------------------------------------------------------------------
---------------------------------------------------------------------------------
Start Flattening Before IO Insertion
---------------------------------------------------------------------------------
---------------------------------------------------------------------------------
Finished Flattening Before IO Insertion
---------------------------------------------------------------------------------
---------------------------------------------------------------------------------
Start Final Netlist Cleanup
---------------------------------------------------------------------------------
---------------------------------------------------------------------------------
Finished Final Netlist Cleanup
---------------------------------------------------------------------------------
---------------------------------------------------------------------------------
Finished IO Insertion : Time (s): cpu = 00:00:25 ; elapsed = 00:00:26 . Memory (MB): peak = 1760.879 ; gain = 1061.078
---------------------------------------------------------------------------------
---------------------------------------------------------------------------------
Start Renaming Generated Instances
---------------------------------------------------------------------------------
---------------------------------------------------------------------------------
Finished Renaming Generated Instances : Time (s): cpu = 00:00:25 ; elapsed = 00:00:26 . Memory (MB): peak = 1760.879 ; gain = 1061.078
---------------------------------------------------------------------------------
---------------------------------------------------------------------------------
Start Rebuilding User Hierarchy
---------------------------------------------------------------------------------
---------------------------------------------------------------------------------
Finished Rebuilding User Hierarchy : Time (s): cpu = 00:00:25 ; elapsed = 00:00:26 . Memory (MB): peak = 1760.879 ; gain = 1061.078
---------------------------------------------------------------------------------
---------------------------------------------------------------------------------
Start Renaming Generated Ports
---------------------------------------------------------------------------------
---------------------------------------------------------------------------------
Finished Renaming Generated Ports : Time (s): cpu = 00:00:25 ; elapsed = 00:00:26 . Memory (MB): peak = 1760.879 ; gain = 1061.078
---------------------------------------------------------------------------------
---------------------------------------------------------------------------------
Start Handling Custom Attributes
---------------------------------------------------------------------------------
---------------------------------------------------------------------------------
Finished Handling Custom Attributes : Time (s): cpu = 00:00:25 ; elapsed = 00:00:26 . Memory (MB): peak = 1760.879 ; gain = 1061.078
---------------------------------------------------------------------------------
---------------------------------------------------------------------------------
Start Renaming Generated Nets
---------------------------------------------------------------------------------
---------------------------------------------------------------------------------
Finished Renaming Generated Nets : Time (s): cpu = 00:00:25 ; elapsed = 00:00:26 . Memory (MB): peak = 1760.879 ; gain = 1061.078
---------------------------------------------------------------------------------
---------------------------------------------------------------------------------
Start Writing Synthesis Report
---------------------------------------------------------------------------------

Report BlackBoxes: 
+------+-----------------+----------+
|      |BlackBox name    |Instances |
+------+-----------------+----------+
|1     |microblaze_mcs_0 |         1|
+------+-----------------+----------+

Report Cell Usage: 
+------+---------------+------+
|      |Cell           |Count |
+------+---------------+------+
|1     |microblaze_mcs |     1|
|2     |BUFG           |     1|
|3     |CARRY4         |    31|
|4     |LUT1           |    20|
|5     |LUT2           |     6|
|6     |LUT3           |    24|
|7     |LUT4           |    16|
|8     |LUT5           |    40|
|9     |LUT6           |    72|
|10    |FDCE           |    28|
|11    |FDPE           |     4|
|12    |FDRE           |   155|
|13    |FDSE           |     2|
|14    |IBUF           |    18|
|15    |IOBUF          |     1|
|16    |OBUF           |    18|
+------+---------------+------+
---------------------------------------------------------------------------------
Finished Writing Synthesis Report : Time (s): cpu = 00:00:25 ; elapsed = 00:00:26 . Memory (MB): peak = 1760.879 ; gain = 1061.078
---------------------------------------------------------------------------------
Synthesis finished with 0 errors, 0 critical warnings and 1 warnings.
Synthesis Optimization Runtime : Time (s): cpu = 00:00:17 ; elapsed = 00:00:24 . Memory (MB): peak = 1760.879 ; gain = 1002.387
Synthesis Optimization Complete : Time (s): cpu = 00:00:25 ; elapsed = 00:00:26 . Memory (MB): peak = 1760.879 ; gain = 1061.078
INFO: [Project 1-571] Translating synthesized netlist
Netlist sorting complete. Time (s): cpu = 00:00:00 ; elapsed = 00:00:00.005 . Memory (MB): peak = 1764.867 ; gain = 0.000
INFO: [Netlist 29-17] Analyzing 32 Unisim elements for replacement
INFO: [Netlist 29-28] Unisim Transformation completed in 0 CPU seconds
INFO: [Project 1-570] Preparing netlist for logic optimization
INFO: [Opt 31-138] Pushed 0 inverter(s) to 0 load pin(s).
Netlist sorting complete. Time (s): cpu = 00:00:00 ; elapsed = 00:00:00.001 . Memory (MB): peak = 1769.562 ; gain = 0.000
INFO: [Project 1-111] Unisim Transformation Summary:
  A total of 1 instances were transformed.
  IOBUF => IOBUF (IBUF, OBUFT): 1 instance 

Synth Design complete | Checksum: 5f65c76e
INFO: [Common 17-83] Releasing license: Synthesis
60 Infos, 107 Warnings, 0 Critical Warnings and 0 Errors encountered.
synth_design completed successfully
synth_design: Time (s): cpu = 00:00:28 ; elapsed = 00:00:31 . Memory (MB): peak = 1769.562 ; gain = 1255.945
Write ShapeDB Complete: Time (s): cpu = 00:00:00 ; elapsed = 00:00:00.001 . Memory (MB): peak = 1769.562 ; gain = 0.000
INFO: [Common 17-1381] The checkpoint 'C:/Users/Lenovo/Desktop/Letnik3/DN/Project/Project01/Project01.runs/synth_1/top.dcp' has been generated.
INFO: [Vivado 12-24828] Executing command : report_utilization -file top_utilization_synth.rpt -pb top_utilization_synth.pb
INFO: [Common 17-206] Exiting Vivado at Thu Jan 29 22:24:31 2026...
